// Jest Snapshot v1, https://goo.gl/fbAQLP

exports[`Empty content 1`] = `
<div
  className="no-films"
>
  No films found
</div>
`;
