// Jest Snapshot v1, https://goo.gl/fbAQLP

exports[`Movie item shapshot 1`] = `
<div
  className="movie-item"
  onClick={[Function]}
>
  <img />
  <div
    className="title"
  >
    <div>
      <h4 />
      <span />
    </div>
    <div
      className="date"
    />
  </div>
</div>
`;
